// Jest Snapshot v1, https://goo.gl/fbAQLP

exports[`lib/react-dom.js globals $JSXIntrinsics generated - interface 1`] = `
"class A1 implements $JSXIntrinsics {}
"
`;

exports[`lib/react-dom.js globals $JSXIntrinsics generated - type 1`] = `""`;

exports[`lib/react-dom.js globals SyntheticAnimationEvent generated - class - typeParams(0 - 1) 1`] = `
"import type { AnimationEvent } from "react";
new AnimationEvent();

class A1 extends AnimationEvent {}
class A2 extends AnimationEvent<P0> {}
let a2 = new AnimationEvent<P0>();
"
`;

exports[`lib/react-dom.js globals SyntheticAnimationEvent variable 1`] = `
"import type { AnimationEvent } from "react";
var a = AnimationEvent;
"
`;

exports[`lib/react-dom.js globals SyntheticClipboardEvent generated - class - typeParams(0 - 1) 1`] = `
"import type { ClipboardEvent } from "react";
new ClipboardEvent();

class A1 extends ClipboardEvent {}
class A2 extends ClipboardEvent<P0> {}
let a2 = new ClipboardEvent<P0>();
"
`;

exports[`lib/react-dom.js globals SyntheticClipboardEvent variable 1`] = `
"import type { ClipboardEvent } from "react";
var a = ClipboardEvent;
"
`;

exports[`lib/react-dom.js globals SyntheticCompositionEvent generated - class - typeParams(0 - 1) 1`] = `
"import type { CompositionEvent } from "react";
new CompositionEvent();

class A1 extends CompositionEvent {}
class A2 extends CompositionEvent<P0> {}
let a2 = new CompositionEvent<P0>();
"
`;

exports[`lib/react-dom.js globals SyntheticCompositionEvent variable 1`] = `
"import type { CompositionEvent } from "react";
var a = CompositionEvent;
"
`;

exports[`lib/react-dom.js globals SyntheticDragEvent generated - class - typeParams(0 - 1) 1`] = `
"import type { DragEvent } from "react";
new DragEvent();

class A1 extends DragEvent {}
class A2 extends DragEvent<P0> {}
let a2 = new DragEvent<P0>();
"
`;

exports[`lib/react-dom.js globals SyntheticDragEvent variable 1`] = `
"import type { DragEvent } from "react";
var a = DragEvent;
"
`;

exports[`lib/react-dom.js globals SyntheticEvent generated - class - typeParams(0 - 2) 1`] = `
"import type { SyntheticEvent } from "react";
new SyntheticEvent();

class A1 extends SyntheticEvent {}
class A2 extends SyntheticEvent<P0> {}
let a2 = new SyntheticEvent<P0>();

class A3 extends SyntheticEvent<P0, P1> {}
let a3 = new SyntheticEvent<P0, P1>();
"
`;

exports[`lib/react-dom.js globals SyntheticEvent variable 1`] = `
"import type { SyntheticEvent } from "react";
var a = SyntheticEvent;
"
`;

exports[`lib/react-dom.js globals SyntheticFocusEvent generated - class - typeParams(0 - 1) 1`] = `
"import type { FocusEvent } from "react";
new FocusEvent();

class A1 extends FocusEvent {}
class A2 extends FocusEvent<P0> {}
let a2 = new FocusEvent<P0>();
"
`;

exports[`lib/react-dom.js globals SyntheticFocusEvent variable 1`] = `
"import type { FocusEvent } from "react";
var a = FocusEvent;
"
`;

exports[`lib/react-dom.js globals SyntheticInputEvent generated - class - typeParams(0 - 1) 1`] = `
"import type { ChangeEvent } from "react";
new ChangeEvent();

class A1 extends ChangeEvent {}
class A2 extends ChangeEvent<P0> {}
let a2 = new ChangeEvent<P0>();
"
`;

exports[`lib/react-dom.js globals SyntheticInputEvent variable 1`] = `
"import type { ChangeEvent } from "react";
var a = ChangeEvent;
"
`;

exports[`lib/react-dom.js globals SyntheticKeyboardEvent generated - class - typeParams(0 - 1) 1`] = `
"import type { KeyboardEvent } from "react";
new KeyboardEvent();

class A1 extends KeyboardEvent {}
class A2 extends KeyboardEvent<P0> {}
let a2 = new KeyboardEvent<P0>();
"
`;

exports[`lib/react-dom.js globals SyntheticKeyboardEvent variable 1`] = `
"import type { KeyboardEvent } from "react";
var a = KeyboardEvent;
"
`;

exports[`lib/react-dom.js globals SyntheticMouseEvent generated - class - typeParams(0 - 2) 1`] = `
"import type { MouseEvent } from "react";
new MouseEvent();

class A1 extends MouseEvent {}
class A2 extends MouseEvent<P0> {}
let a2 = new MouseEvent<P0>();

class A3 extends MouseEvent<P0, P1> {}
let a3 = new MouseEvent<P0, P1>();
"
`;

exports[`lib/react-dom.js globals SyntheticMouseEvent variable 1`] = `
"import type { MouseEvent } from "react";
var a = MouseEvent;
"
`;

exports[`lib/react-dom.js globals SyntheticPointerEvent generated - class - typeParams(0 - 1) 1`] = `
"import type { PointerEvent } from "react";
new PointerEvent();

class A1 extends PointerEvent {}
class A2 extends PointerEvent<P0> {}
let a2 = new PointerEvent<P0>();
"
`;

exports[`lib/react-dom.js globals SyntheticPointerEvent variable 1`] = `
"import type { PointerEvent } from "react";
var a = PointerEvent;
"
`;

exports[`lib/react-dom.js globals SyntheticTouchEvent generated - class - typeParams(0 - 1) 1`] = `
"import type { TouchEvent } from "react";
new TouchEvent();

class A1 extends TouchEvent {}
class A2 extends TouchEvent<P0> {}
let a2 = new TouchEvent<P0>();
"
`;

exports[`lib/react-dom.js globals SyntheticTouchEvent variable 1`] = `
"import type { TouchEvent } from "react";
var a = TouchEvent;
"
`;

exports[`lib/react-dom.js globals SyntheticTransitionEvent generated - class - typeParams(0 - 1) 1`] = `
"import type { TransitionEvent } from "react";
new TransitionEvent();

class A1 extends TransitionEvent {}
class A2 extends TransitionEvent<P0> {}
let a2 = new TransitionEvent<P0>();
"
`;

exports[`lib/react-dom.js globals SyntheticTransitionEvent variable 1`] = `
"import type { TransitionEvent } from "react";
var a = TransitionEvent;
"
`;

exports[`lib/react-dom.js globals SyntheticUIEvent generated - class - typeParams(0 - 2) 1`] = `
"import type { UIEvent } from "react";
new UIEvent();

class A1 extends UIEvent {}
class A2 extends UIEvent<P0> {}
let a2 = new UIEvent<P0>();

class A3 extends UIEvent<P0, P1> {}
let a3 = new UIEvent<P0, P1>();
"
`;

exports[`lib/react-dom.js globals SyntheticUIEvent variable 1`] = `
"import type { UIEvent } from "react";
var a = UIEvent;
"
`;

exports[`lib/react-dom.js globals SyntheticWheelEvent generated - class - typeParams(0 - 1) 1`] = `
"import type { WheelEvent } from "react";
new WheelEvent();

class A1 extends WheelEvent {}
class A2 extends WheelEvent<P0> {}
let a2 = new WheelEvent<P0>();
"
`;

exports[`lib/react-dom.js globals SyntheticWheelEvent variable 1`] = `
"import type { WheelEvent } from "react";
var a = WheelEvent;
"
`;
