// Jest Snapshot v1, https://goo.gl/fbAQLP

exports[`removeImportExtensionPlugin imports are removed 1`] = `
"import { Component } from \\"react\\";
import R from \\"react-dom\\";
import \\"./a.css\\";
import \\"./a\\";
import \\"./b\\";
import \\"./c\\";
import \\"./d\\";

class C extends Component {}
"
`;
